error: prefer `GxHashMap` over `HashMap`, it has better performance
  --> $DIR/default_hash_types.rs:16:41
   |
LL |     let _map: HashMap<String, String> = HashMap::default();
   |                                         ^^^^^^^
   |
   = note: a `use rustc_data_structures::gx::GxHashMap` may be necessary
note: the lint level is defined here
  --> $DIR/default_hash_types.rs:4:9
   |
LL | #![deny(rustc::default_hash_types)]
   |         ^^^^^^^^^^^^^^^^^^^^^^^^^

error: prefer `GxHashMap` over `HashMap`, it has better performance
  --> $DIR/default_hash_types.rs:16:15
   |
LL |     let _map: HashMap<String, String> = HashMap::default();
   |               ^^^^^^^^^^^^^^^^^^^^^^^
   |
   = note: a `use rustc_data_structures::gx::GxHashMap` may be necessary

error: prefer `GxHashSet` over `HashSet`, it has better performance
  --> $DIR/default_hash_types.rs:19:33
   |
LL |     let _set: HashSet<String> = HashSet::default();
   |                                 ^^^^^^^
   |
   = note: a `use rustc_data_structures::gx::GxHashSet` may be necessary

error: prefer `GxHashSet` over `HashSet`, it has better performance
  --> $DIR/default_hash_types.rs:19:15
   |
LL |     let _set: HashSet<String> = HashSet::default();
   |               ^^^^^^^^^^^^^^^
   |
   = note: a `use rustc_data_structures::gx::GxHashSet` may be necessary

error: aborting due to 4 previous errors

